// Jest Snapshot v1, https://goo.gl/fbAQLP

exports[`Initial state basics 1`] = `
<View
  accessible={true}
  onResponderGrant={[Function]}
  onResponderMove={[Function]}
  onResponderRelease={[Function]}
  onResponderTerminate={[Function]}
  onResponderTerminationRequest={[Function]}
  onStartShouldSetResponder={[Function]}
  style={
    Object {
      "backgroundColor": "#FFFFFF",
      "borderColor": "#EEEEEE",
      "borderRadius": 4,
      "borderWidth": 1,
      "marginTop": 15,
      "opacity": 1,
      "padding": 15,
      "paddingLeft": 30,
      "paddingRight": 20,
    }
  }
>
  <View
    style={
      Array [
        Object {
          "backgroundColor": "#848A96",
          "borderRadius": 20,
          "height": 6,
          "left": 15,
          "position": "absolute",
          "top": 20,
          "width": 6,
        },
        Object {
          "backgroundColor": "#C1C7D4",
        },
      ]
    }
  />
  <Text
    accessible={true}
    allowFontScaling={true}
    ellipsizeMode="tail"
    style={
      Object {
        "fontWeight": "500",
      }
    }
  >
    Example Job
  </Text>
  <View
    style={
      Object {
        "flexDirection": "row",
        "marginTop": 2,
      }
    }
  >
    <Text
      accessible={true}
      allowFontScaling={true}
      ellipsizeMode="tail"
      style={
        Array [
          Object {
            "color": "#848A96",
          },
          Object {
            "fontSize": 13,
          },
        ]
      }
    >
      Full-time
    </Text>
    <Text
      accessible={true}
      allowFontScaling={true}
      ellipsizeMode="tail"
      style={
        Array [
          Object {
            "color": "#848A96",
          },
          Object {
            "marginLeft": 5,
          },
        ]
      }
    >
      Â·
    </Text>
    <Text
      accessible={true}
      allowFontScaling={true}
      ellipsizeMode="tail"
      style={
        Array [
          Object {
            "color": "#848A96",
          },
          Object {
            "fontSize": 13,
            "marginLeft": 5,
          },
        ]
      }
    >
      Remote
    </Text>
  </View>
</View>
`;
