// Jest Snapshot v1, https://goo.gl/fbAQLP

exports[`Initial state basics 1`] = `
<View
  accessible={true}
  onResponderGrant={[Function]}
  onResponderMove={[Function]}
  onResponderRelease={[Function]}
  onResponderTerminate={[Function]}
  onResponderTerminationRequest={[Function]}
  onStartShouldSetResponder={[Function]}
  style={
    Object {
      "backgroundColor": "#FFFFFF",
      "borderBottomColor": "#EEEEEE",
      "borderBottomWidth": 1,
      "opacity": 1,
      "paddingBottom": 10,
      "paddingTop": 10,
    }
  }
>
  <View
    style={
      Object {
        "flexDirection": "row",
        "padding": 15,
        "paddingBottom": 7,
        "paddingTop": 3,
      }
    }
  >
    <View
      style={
        Object {
          "flex": 1,
          "flexDirection": "row",
        }
      }
    >
      <View
        style={
          Array [
            Object {
              "backgroundColor": "#848A96",
              "borderRadius": 7.5,
              "height": 15,
              "width": 15,
            },
            Object {
              "marginRight": 5,
              "marginTop": 1,
            },
            Object {
              "alignItems": "center",
              "justifyContent": "center",
            },
          ]
        }
      >
        <Text
          accessible={true}
          allowFontScaling={true}
          ellipsizeMode="tail"
          style={
            Object {
              "backgroundColor": "transparent",
              "color": "white",
              "fontSize": 8,
              "fontWeight": "600",
            }
          }
        >
          U
        </Text>
      </View>
      <Text
        accessible={true}
        allowFontScaling={true}
        ellipsizeMode="tail"
        style={
          Object {
            "color": "#575D67",
          }
        }
      />
    </View>
    <View>
      <Text
        accessible={true}
        allowFontScaling={true}
        ellipsizeMode="tail"
        style={
          Object {
            "color": "#848A96",
            "fontSize": 13,
          }
        }
      >
        Jan 1, 17:30
      </Text>
    </View>
  </View>
  <View
    style={
      Object {
        "borderTopLeftRadius": 4,
        "borderTopRightRadius": 4,
        "padding": 15,
        "paddingBottom": 0,
        "paddingTop": 3,
      }
    }
  >
    <Text
      accessible={true}
      allowFontScaling={true}
      ellipsizeMode="tail"
    >
      Test Subject
    </Text>
    <Text
      accessible={true}
      allowFontScaling={true}
      ellipsizeMode="tail"
      style={
        Array [
          Object {
            "marginTop": 5,
          },
          Object {
            "color": "#848A96",
            "fontSize": 13,
          },
        ]
      }
    >
      Test Text
    </Text>
  </View>
</View>
`;
